Archive member included to satisfy reference by file (symbol)

c:/program files (x86)/gnu tools arm embedded/5.4 2016q2/bin/../lib/gcc/arm-none-eabi/5.4.1/../../../../arm-none-eabi/lib/armv7-m\libc.a(lib_a-exit.o)
                              c:/program files (x86)/gnu tools arm embedded/5.4 2016q2/bin/../lib/gcc/arm-none-eabi/5.4.1/../../../../arm-none-eabi/lib/armv7-m/crt0.o (exit)
c:/program files (x86)/gnu tools arm embedded/5.4 2016q2/bin/../lib/gcc/arm-none-eabi/5.4.1/../../../../arm-none-eabi/lib/armv7-m\libc.a(lib_a-impure.o)
                              c:/program files (x86)/gnu tools arm embedded/5.4 2016q2/bin/../lib/gcc/arm-none-eabi/5.4.1/../../../../arm-none-eabi/lib/armv7-m\libc.a(lib_a-exit.o) (_global_impure_ptr)
c:/program files (x86)/gnu tools arm embedded/5.4 2016q2/bin/../lib/gcc/arm-none-eabi/5.4.1/../../../../arm-none-eabi/lib/armv7-m\libc.a(lib_a-init.o)
                              c:/program files (x86)/gnu tools arm embedded/5.4 2016q2/bin/../lib/gcc/arm-none-eabi/5.4.1/../../../../arm-none-eabi/lib/armv7-m/crt0.o (__libc_init_array)
c:/program files (x86)/gnu tools arm embedded/5.4 2016q2/bin/../lib/gcc/arm-none-eabi/5.4.1/../../../../arm-none-eabi/lib/armv7-m\libc.a(lib_a-memset.o)
                              c:/program files (x86)/gnu tools arm embedded/5.4 2016q2/bin/../lib/gcc/arm-none-eabi/5.4.1/../../../../arm-none-eabi/lib/armv7-m/crt0.o (memset)
c:/program files (x86)/gnu tools arm embedded/5.4 2016q2/bin/../lib/gcc/arm-none-eabi/5.4.1/../../../../arm-none-eabi/lib/armv7-m\libc.a(lib_a-__call_atexit.o)
                              c:/program files (x86)/gnu tools arm embedded/5.4 2016q2/bin/../lib/gcc/arm-none-eabi/5.4.1/../../../../arm-none-eabi/lib/armv7-m\libc.a(lib_a-exit.o) (__call_exitprocs)
c:/program files (x86)/gnu tools arm embedded/5.4 2016q2/bin/../lib/gcc/arm-none-eabi/5.4.1/../../../../arm-none-eabi/lib/armv7-m\libc.a(lib_a-atexit.o)
                              c:/program files (x86)/gnu tools arm embedded/5.4 2016q2/bin/../lib/gcc/arm-none-eabi/5.4.1/../../../../arm-none-eabi/lib/armv7-m\libc.a(lib_a-__call_atexit.o) (atexit)
c:/program files (x86)/gnu tools arm embedded/5.4 2016q2/bin/../lib/gcc/arm-none-eabi/5.4.1/../../../../arm-none-eabi/lib/armv7-m\libc.a(lib_a-fini.o)
                              c:/program files (x86)/gnu tools arm embedded/5.4 2016q2/bin/../lib/gcc/arm-none-eabi/5.4.1/../../../../arm-none-eabi/lib/armv7-m\libc.a(lib_a-__call_atexit.o) (__libc_fini_array)
c:/program files (x86)/gnu tools arm embedded/5.4 2016q2/bin/../lib/gcc/arm-none-eabi/5.4.1/../../../../arm-none-eabi/lib/armv7-m\libc.a(lib_a-__atexit.o)
                              c:/program files (x86)/gnu tools arm embedded/5.4 2016q2/bin/../lib/gcc/arm-none-eabi/5.4.1/../../../../arm-none-eabi/lib/armv7-m\libc.a(lib_a-atexit.o) (__register_exitproc)
c:/program files (x86)/gnu tools arm embedded/5.4 2016q2/bin/../lib/gcc/arm-none-eabi/5.4.1/armv7-m\libgcc.a(_arm_addsubdf3.o)
                              ..\obj\main.o (__aeabi_i2d)
c:/program files (x86)/gnu tools arm embedded/5.4 2016q2/bin/../lib/gcc/arm-none-eabi/5.4.1/armv7-m\libgcc.a(_arm_muldivdf3.o)
                              ..\obj\main.o (__aeabi_dmul)
c:/program files (x86)/gnu tools arm embedded/5.4 2016q2/bin/../lib/gcc/arm-none-eabi/5.4.1/armv7-m\libgcc.a(_arm_fixunsdfsi.o)
                              ..\obj\main.o (__aeabi_d2uiz)
c:/program files (x86)/gnu tools arm embedded/5.4 2016q2/bin/../lib/gcc/arm-none-eabi/5.4.1/../../../../arm-none-eabi/lib/armv7-m\libc.a(lib_a-memcmp.o)
                              ..\obj\main.o (memcmp)
c:/program files (x86)/gnu tools arm embedded/5.4 2016q2/bin/../lib/gcc/arm-none-eabi/5.4.1/../../../../arm-none-eabi/lib/armv7-m\libc.a(lib_a-sprintf.o)
                              ..\obj\main.o (sprintf)
c:/program files (x86)/gnu tools arm embedded/5.4 2016q2/bin/../lib/gcc/arm-none-eabi/5.4.1/../../../../arm-none-eabi/lib/armv7-m\libc.a(lib_a-strlen-stub.o)
                              ..\obj\lcd.o (strlen)
c:/program files (x86)/gnu tools arm embedded/5.4 2016q2/bin/../lib/gcc/arm-none-eabi/5.4.1/../../../../arm-none-eabi/lib/armv7-m\libc.a(lib_a-svfprintf.o)
                              c:/program files (x86)/gnu tools arm embedded/5.4 2016q2/bin/../lib/gcc/arm-none-eabi/5.4.1/../../../../arm-none-eabi/lib/armv7-m\libc.a(lib_a-sprintf.o) (_svfprintf_r)
c:/program files (x86)/gnu tools arm embedded/5.4 2016q2/bin/../lib/gcc/arm-none-eabi/5.4.1/../../../../arm-none-eabi/lib/armv7-m\libc.a(lib_a-dtoa.o)
                              c:/program files (x86)/gnu tools arm embedded/5.4 2016q2/bin/../lib/gcc/arm-none-eabi/5.4.1/../../../../arm-none-eabi/lib/armv7-m\libc.a(lib_a-svfprintf.o) (_dtoa_r)
c:/program files (x86)/gnu tools arm embedded/5.4 2016q2/bin/../lib/gcc/arm-none-eabi/5.4.1/../../../../arm-none-eabi/lib/armv7-m\libc.a(lib_a-locale.o)
[...]
Memory Configuration

Name             Origin             Length             Attributes
FLASH            0x08000000         0x00040000         xr
RAM              0x20000000         0x00010000         xrw
MEMORY_B1        0x60000000         0x00000000         xr
*default*        0x00000000         0xffffffff

Linker script and memory map

LOAD c:/program files (x86)/gnu tools arm embedded/5.4 2016q2/bin/../lib/gcc/arm-none-eabi/5.4.1/armv7-m/crti.o
LOAD c:/program files (x86)/gnu tools arm embedded/5.4 2016q2/bin/../lib/gcc/arm-none-eabi/5.4.1/armv7-m/crtbegin.o
LOAD c:/program files (x86)/gnu tools arm embedded/5.4 2016q2/bin/../lib/gcc/arm-none-eabi/5.4.1/../../../../arm-none-eabi/lib/armv7-m/crt0.o
                0x20010000                _estack = 0x20010000
                0x00000400                _Min_Heap_Size = 0x400
                0x00000400                _Min_Stack_Size = 0x400

.isr_vector     0x08000000      0x1e4
                0x08000000                . = ALIGN (0x4)
 *(.isr_vector)
 .isr_vector    0x08000000      0x1e4 ..\obj\startup_stm32f10x_cl.o
                0x08000000                g_pfnVectors
                0x080001e4                . = ALIGN (0x4)

.text           0x080001e8     0x77b4
                0x080001e8                . = ALIGN (0x4)
 *(.text)
 .text          0x080001e8       0x5c c:/program files (x86)/gnu tools arm embedded/5.4 2016q2/bin/../lib/gcc/arm-none-eabi/5.4.1/armv7-m/crtbegin.o
 .text          0x08000244      0x370 c:/program files (x86)/gnu tools arm embedded/5.4 2016q2/bin/../lib/gcc/arm-none-eabi/5.4.1/armv7-m\libgcc.a(_arm_addsubdf3.o)
                0x08000244                __aeabi_drsub
                0x0800024c                __aeabi_dsub
                0x0800024c                __subdf3
                0x08000250                __aeabi_dadd
                0x08000250                __adddf3
                0x080004c8                __floatunsidf
                0x080004c8                __aeabi_ui2d
                0x080004e8                __floatsidf
                0x080004e8                __aeabi_i2d
                0x0800050c                __aeabi_f2d
                0x0800050c                __extendsfdf2
                0x08000548                __floatundidf
                0x08000548                __aeabi_ul2d
                0x08000558                __floatdidf
                0x08000558                __aeabi_l2d
 .text          0x080005b4      0x424 c:/program files (x86)/gnu tools arm embedded/5.4 2016q2/bin/../lib/gcc/arm-none-eabi/5.4.1/armv7-m\libgcc.a(_arm_muldivdf3.o)
                0x080005b4                __aeabi_dmul
                0x080005b4                __muldf3
                0x08000808                __divdf3
                0x08000808                __aeabi_ddiv
 .text          0x080009d8       0x40 c:/program files (x86)/gnu tools arm embedded/5.4 2016q2/bin/../lib/gcc/arm-none-eabi/5.4.1/armv7-m\libgcc.a(_arm_fixunsdfsi.o)
                0x080009d8                __aeabi_d2uiz
                0x080009d8                __fixunsdfsi
 .text          0x08000a18       0xec c:/program files (x86)/gnu tools arm embedded/5.4 2016q2/bin/../lib/gcc/arm-none-eabi/5.4.1/../../../../arm-none-eabi/lib/armv7-m\libc.a(lib_a-memcpy.o)
                0x08000a18                memcpy
 .text          0x08000b04      0x110 c:/program files (x86)/gnu tools arm embedded/5.4 2016q2/bin/../lib/gcc/arm-none-eabi/5.4.1/armv7-m\libgcc.a(_arm_cmpdf2.o)
                0x08000b04                __gtdf2
                0x08000b04                __gedf2
                0x08000b0c                __ltdf2
                0x08000b0c                __ledf2
                0x08000b14                __nedf2
                0x08000b14                __eqdf2
                0x08000b14                __cmpdf2
                0x08000b90                __aeabi_cdrcmple
                0x08000ba0                __aeabi_cdcmpeq
                0x08000ba0                __aeabi_cdcmple
                0x08000bb0                __aeabi_dcmpeq
                0x08000bc4                __aeabi_dcmplt
                0x08000bd8                __aeabi_dcmple
                0x08000bec                __aeabi_dcmpge
                0x08000c00                __aeabi_dcmpgt
 .text          0x08000c14       0x2c c:/program files (x86)/gnu tools arm embedded/5.4 2016q2/bin/../lib/gcc/arm-none-eabi/5.4.1/armv7-m\libgcc.a(_arm_unorddf2.o)
                0x08000c14                __unorddf2
                0x08000c14                __aeabi_dcmpun
 .text          0x08000c40       0x50 c:/program files (x86)/gnu tools arm embedded/5.4 2016q2/bin/../lib/gcc/arm-none-eabi/5.4.1/armv7-m\libgcc.a(_arm_fixdfsi.o)
                0x08000c40                __aeabi_d2iz
                0x08000c40                __fixdfsi
 .text          0x08000c90       0x30 c:/program files (x86)/gnu tools arm embedded/5.4 2016q2/bin/../lib/gcc/arm-none-eabi/5.4.1/armv7-m\libgcc.a(_aeabi_uldivmod.o)
                0x08000c90                __aeabi_uldivmod
 .text          0x08000cc0      0x2ec c:/program files (x86)/gnu tools arm embedded/5.4 2016q2/bin/../lib/gcc/arm-none-eabi/5.4.1/armv7-m\libgcc.a(_udivmoddi4.o)
                0x08000cc0                __udivmoddi4
 .text          0x08000fac        0x4 c:/program files (x86)/gnu tools arm embedded/5.4 2016q2/bin/../lib/gcc/arm-none-eabi/5.4.1/armv7-m\libgcc.a(_dvmd_tls.o)
                0x08000fac                __aeabi_idiv0
                0x08000fac                __aeabi_ldiv0
 *(.text*)
 .text.__libc_init_array
                0x08000fb0       0x50 c:/program files (x86)/gnu tools arm embedded/5.4 2016q2/bin/../lib/gcc/arm-none-eabi/5.4.1/../../../../arm-none-eabi/lib/armv7-m\libc.a(lib_a-init.o)
                0x08000fb0                __libc_init_array
 .text.memset   0x08001000       0x9c c:/program files (x86)/gnu tools arm embedded/5.4 2016q2/bin/../lib/gcc/arm-none-eabi/5.4.1/../../../../arm-none-eabi/lib/armv7-m\libc.a(lib_a-memset.o)
                0x08001000                memset
 .text.startup.register_fini
                0x0800109c       0x14 c:/program files (x86)/gnu tools arm embedded/5.4 2016q2/bin/../lib/gcc/arm-none-eabi/5.4.1/../../../../arm-none-eabi/lib/armv7-m\libc.a(lib_a-__call_atexit.o)
 .text.atexit   0x080010b0        0xc c:/program files (x86)/gnu tools arm embedded/5.4 2016q2/bin/../lib/gcc/arm-none-eabi/5.4.1/../../../../arm-none-eabi/lib/armv7-m\libc.a(lib_a-atexit.o)
                0x080010b0                atexit
 .text.__libc_fini_array
                0x080010bc       0x28 c:/program files (x86)/gnu tools arm embedded/5.4 2016q2/bin/../lib/gcc/arm-none-eabi/5.4.1/../../../../arm-none-eabi/lib/armv7-m\libc.a(lib_a-fini.o)
                0x080010bc                __libc_fini_array
 .text.__register_exitproc
                0x080010e4       0xa4 c:/program files (x86)/gnu tools arm embedded/5.4 2016q2/bin/../lib/gcc/arm-none-eabi/5.4.1/../../../../arm-none-eabi/lib/armv7-m\libc.a(lib_a-__atexit.o)
                0x080010e4                __register_exitproc
 .text.__get_MSP
                0x08001188       0x10 ..\obj\core_cm3.o
                0x08001188                __get_MSP
 .text.SystemInit
                0x08001198       0x7c ..\obj\system_stm32f10x.o
                0x08001198                SystemInit
 .text.SetSysClock
                0x08001214        0xc ..\obj\system_stm32f10x.o
 .text.SetSysClockTo72
                0x08001220      0x138 ..\obj\system_stm32f10x.o
 .text.dwt_initialise
                0x08001358      0x14c ..\obj\deca_device.o
                0x08001358                dwt_initialise
 .text.dwt_readdevid
                0x080014a4       0x14 ..\obj\deca_device.o
                0x080014a4                dwt_readdevid
 .text.dwt_configure
                0x080014b8      0x2a4 ..\obj\deca_device.o
                0x080014b8                dwt_configure
 .text.dwt_setrxantennadelay
                0x0800175c       0x20 ..\obj\deca_device.o
                0x0800175c                dwt_setrxantennadelay
 .text.dwt_settxantennadelay
                0x0800177c       0x20 ..\obj\deca_device.o
                0x0800177c                dwt_settxantennadelay
 .text.dwt_writetxdata
                0x0800179c       0x3c ..\obj\deca_device.o
                0x0800179c                dwt_writetxdata
 .text.dwt_writetxfctrl
                0x080017d8       0x3c ..\obj\deca_device.o
                0x080017d8                dwt_writetxfctrl
 .text.dwt_readrxdata
                0x08001814       0x24 ..\obj\deca_device.o
                0x08001814                dwt_readrxdata
 .text.dwt_readtxtimestamplo32
                0x08001838       0x14 ..\obj\deca_device.o
                0x08001838                dwt_readtxtimestamplo32
 .text.dwt_readrxtimestamplo32
                0x0800184c       0x14 ..\obj\deca_device.o
                0x0800184c                dwt_readrxtimestamplo32
 .text.dwt_writetodevice
                0x08001860       0xb8 ..\obj\deca_device.o
                0x08001860                dwt_writetodevice
 .text.dwt_readfromdevice
                0x08001918       0xb4 ..\obj\deca_device.o
                0x08001918                dwt_readfromdevice
 .text.dwt_read32bitoffsetreg
                0x080019cc       0x50 ..\obj\deca_device.o
                0x080019cc                dwt_read32bitoffsetreg
 .text.dwt_read16bitoffsetreg
                0x08001a1c       0x3c ..\obj\deca_device.o
                0x08001a1c                dwt_read16bitoffsetreg
 .text.dwt_read8bitoffsetreg
                0x08001a58       0x28 ..\obj\deca_device.o
                0x08001a58                dwt_read8bitoffsetreg
 .text.dwt_write8bitoffsetreg
                0x08001a80       0x28 ..\obj\deca_device.o
                0x08001a80                dwt_write8bitoffsetreg
 .text.dwt_write16bitoffsetreg
                0x08001aa8       0x38 ..\obj\deca_device.o
                0x08001aa8                dwt_write16bitoffsetreg
 .text.dwt_write32bitoffsetreg
                0x08001ae0       0x50 ..\obj\deca_device.o
                0x08001ae0                dwt_write32bitoffsetreg
 .text._dwt_otpread
                0x08001b30       0x40 ..\obj\deca_device.o
                0x08001b30                _dwt_otpread
 .text._dwt_aonarrayupload
                0x08001b70       0x1c ..\obj\deca_device.o
                0x08001b70                _dwt_aonarrayupload
 .text._dwt_configlde
                0x08001b8c       0x40 ..\obj\deca_device.o
                0x08001b8c                _dwt_configlde
 .text._dwt_loaducodefromrom
                0x08001bcc       0x28 ..\obj\deca_device.o
                0x08001bcc                _dwt_loaducodefromrom
 .text.dwt_setrxaftertxdelay
                0x08001bf4       0x38 ..\obj\deca_device.o
                0x08001bf4                dwt_setrxaftertxdelay
 .text._dwt_enableclocks
                0x08001c2c      0x134 ..\obj\deca_device.o
                0x08001c2c                _dwt_enableclocks
 .text._dwt_disablesequencing
                0x08001d60       0x18 ..\obj\deca_device.o
                0x08001d60                _dwt_disablesequencing
 .text.dwt_starttx
                0x08001d78       0xb0 ..\obj\deca_device.o
                0x08001d78                dwt_starttx
 .text.dwt_setrxtimeout
                0x08001e28       0x78 ..\obj\deca_device.o
                0x08001e28                dwt_setrxtimeout
 .text.dwt_rxreset
                0x08001ea0       0x1c ..\obj\deca_device.o
                0x08001ea0                dwt_rxreset
 .text.dwt_softreset
                0x08001ebc       0x48 ..\obj\deca_device.o
                0x08001ebc                dwt_softreset
 .text.dwt_setxtaltrim
                0x08001f04       0x30 ..\obj\deca_device.o
                0x08001f04                dwt_setxtaltrim
 .text.writetospi
                0x08001f34       0x74 ..\obj\deca_spi.o
                0x08001f34                writetospi
 .text.readfromspi
                0x08001fa8       0x78 ..\obj\deca_spi.o
                0x08001fa8                readfromspi
 .text.GPIO_Init
                0x08002020      0x178 ..\obj\stm32f10x_gpio.o
                0x08002020                GPIO_Init
 .text.GPIO_ReadInputDataBit
                0x08002198       0x34 ..\obj\stm32f10x_gpio.o
                0x08002198                GPIO_ReadInputDataBit
 .text.GPIO_SetBits
                0x080021cc       0x1c ..\obj\stm32f10x_gpio.o
                0x080021cc                GPIO_SetBits
 .text.GPIO_ResetBits
                0x080021e8       0x1c ..\obj\stm32f10x_gpio.o
                0x080021e8                GPIO_ResetBits
 .text.GPIO_PinRemapConfig
                0x08002204       0xe0 ..\obj\stm32f10x_gpio.o
                0x08002204                GPIO_PinRemapConfig
 .text.GPIO_EXTILineConfig
                0x080022e4       0x84 ..\obj\stm32f10x_gpio.o
                0x080022e4                GPIO_EXTILineConfig
 .text.ShowToLcd
                0x08002368       0x40 ..\obj\main.o
 .text.main     0x080023a8      0x2e4 ..\obj\main.o
                0x080023a8                main
 .text.resp_msg_get_ts
                0x0800268c       0x48 ..\obj\main.o
 .text.RCC_DeInit
                0x080026d4       0x70 ..\obj\stm32f10x_rcc.o
                0x080026d4                RCC_DeInit
 .text.RCC_HSEConfig
                0x08002744       0x5c ..\obj\stm32f10x_rcc.o
                0x08002744                RCC_HSEConfig
 .text.RCC_WaitForHSEStartUp
                0x080027a0       0x50 ..\obj\stm32f10x_rcc.o
                0x080027a0                RCC_WaitForHSEStartUp
 .text.RCC_PLLConfig
                0x080027f0       0x3c ..\obj\stm32f10x_rcc.o
                0x080027f0                RCC_PLLConfig
 .text.RCC_PLLCmd
                0x0800282c       0x20 ..\obj\stm32f10x_rcc.o
                0x0800282c                RCC_PLLCmd
 .text.RCC_PREDIV1Config
                0x0800284c       0x40 ..\obj\stm32f10x_rcc.o
                0x0800284c                RCC_PREDIV1Config
 .text.RCC_PREDIV2Config
                0x0800288c       0x38 ..\obj\stm32f10x_rcc.o
                0x0800288c                RCC_PREDIV2Config
 .text.RCC_PLL2Config
                0x080028c4       0x38 ..\obj\stm32f10x_rcc.o
                0x080028c4                RCC_PLL2Config
 .text.RCC_PLL2Cmd
                0x080028fc       0x20 ..\obj\stm32f10x_rcc.o
                0x080028fc                RCC_PLL2Cmd
 .text.RCC_SYSCLKConfig
                0x0800291c       0x38 ..\obj\stm32f10x_rcc.o
                0x0800291c                RCC_SYSCLKConfig
 .text.RCC_GetSYSCLKSource
                0x08002954       0x1c ..\obj\stm32f10x_rcc.o
                0x08002954                RCC_GetSYSCLKSource
 .text.RCC_HCLKConfig
                0x08002970       0x38 ..\obj\stm32f10x_rcc.o
                0x08002970                RCC_HCLKConfig
 .text.RCC_PCLK1Config
                0x080029a8       0x38 ..\obj\stm32f10x_rcc.o
                0x080029a8                RCC_PCLK1Config
 .text.RCC_PCLK2Config
                0x080029e0       0x38 ..\obj\stm32f10x_rcc.o
                0x080029e0                RCC_PCLK2Config
 .text.RCC_ADCCLKConfig
                0x08002a18       0x38 ..\obj\stm32f10x_rcc.o
                0x08002a18                RCC_ADCCLKConfig
 .text.RCC_GetClocksFreq
                0x08002a50      0x1c8 ..\obj\stm32f10x_rcc.o
                0x08002a50                RCC_GetClocksFreq
 .text.RCC_APB2PeriphClockCmd
                0x08002c18       0x3c ..\obj\stm32f10x_rcc.o
                0x08002c18                RCC_APB2PeriphClockCmd
 .text.RCC_APB1PeriphClockCmd
                0x08002c54       0x3c ..\obj\stm32f10x_rcc.o
                0x08002c54                RCC_APB1PeriphClockCmd
 .text.RCC_APB2PeriphResetCmd
                0x08002c90       0x3c ..\obj\stm32f10x_rcc.o
                0x08002c90                RCC_APB2PeriphResetCmd
 .text.RCC_APB1PeriphResetCmd
                0x08002ccc       0x3c ..\obj\stm32f10x_rcc.o
                0x08002ccc                RCC_APB1PeriphResetCmd
 .text.RCC_GetFlagStatus
                0x08002d08       0x74 ..\obj\stm32f10x_rcc.o
                0x08002d08                RCC_GetFlagStatus
 .text.Reset_Handler
                0x08002d7c       0x48 ..\obj\startup_stm32f10x_cl.o
                0x08002d7c                Reset_Handler
 .text.Default_Handler
                0x08002dc4        0x2 ..\obj\startup_stm32f10x_cl.o
                0x08002dc4                EXTI2_IRQHandler
                0x08002dc4                DebugMon_Handler
                0x08002dc4                TIM1_CC_IRQHandler
                0x08002dc4                HardFault_Handler
                0x08002dc4                TIM6_IRQHandler
                0x08002dc4                PVD_IRQHandler
                0x08002dc4                PendSV_Handler
                0x08002dc4                NMI_Handler
                0x08002dc4                CAN2_RX1_IRQHandler
                0x08002dc4                EXTI3_IRQHandler
                0x08002dc4                EXTI0_IRQHandler
                0x08002dc4                I2C2_EV_IRQHandler
                0x08002dc4                CAN1_RX0_IRQHandler
                0x08002dc4                UsageFault_Handler
                0x08002dc4                CAN2_SCE_IRQHandler
                0x08002dc4                ADC1_2_IRQHandler
                0x08002dc4                SPI1_IRQHandler
                0x08002dc4                TAMPER_IRQHandler
                0x08002dc4                CAN2_RX0_IRQHandler
                0x08002dc4                DMA2_Channel2_IRQHandler
                0x08002dc4                DMA1_Channel4_IRQHandler
                0x08002dc4                USART3_IRQHandler
                0x08002dc4                RTC_IRQHandler
                0x08002dc4                DMA1_Channel7_IRQHandler
                0x08002dc4                CAN1_RX1_IRQHandler
                0x08002dc4                UART5_IRQHandler
                0x08002dc4                TIM4_IRQHandler
                0x08002dc4                DMA2_Channel1_IRQHandler
                0x08002dc4                I2C1_EV_IRQHandler
                0x08002dc4                DMA1_Channel6_IRQHandler
                0x08002dc4                UART4_IRQHandler
                0x08002dc4                DMA2_Channel4_IRQHandler
                0x08002dc4                TIM3_IRQHandler
                0x08002dc4                RCC_IRQHandler
                0x08002dc4                TIM1_TRG_COM_IRQHandler
                0x08002dc4                DMA1_Channel1_IRQHandler
                0x08002dc4                Default_Handler
                0x08002dc4                EXTI15_10_IRQHandler
                0x08002dc4                TIM7_IRQHandler
                0x08002dc4                CAN2_TX_IRQHandler
                0x08002dc4                TIM5_IRQHandler
                0x08002dc4                ETH_WKUP_IRQHandler
                0x08002dc4                SPI2_IRQHandler
                0x08002dc4                MemManage_Handler
                0x08002dc4                CAN1_TX_IRQHandler
                0x08002dc4                SVC_Handler
                0x08002dc4                DMA2_Channel5_IRQHandler
                0x08002dc4                DMA1_Channel5_IRQHandler
                0x08002dc4                EXTI4_IRQHandler
                0x08002dc4                DMA1_Channel3_IRQHandler
                0x08002dc4                ETH_IRQHandler
                0x08002dc4                TIM1_UP_IRQHandler
                0x08002dc4                WWDG_IRQHandler
                0x08002dc4                TIM2_IRQHandler
                0x08002dc4                OTG_FS_WKUP_IRQHandler
                0x08002dc4                TIM1_BRK_IRQHandler
                0x08002dc4                EXTI1_IRQHandler
                0x08002dc4                RTCAlarm_IRQHandler
                0x08002dc4                USART2_IRQHandler
                0x08002dc4                I2C2_ER_IRQHandler
                0x08002dc4                DMA1_Channel2_IRQHandler
                0x08002dc4                CAN1_SCE_IRQHandler
                0x08002dc4                FLASH_IRQHandler
                0x08002dc4                BusFault_Handler
                0x08002dc4                USART1_IRQHandler
                0x08002dc4                OTG_FS_IRQHandler
                0x08002dc4                SPI3_IRQHandler
                0x08002dc4                I2C1_ER_IRQHandler
                0x08002dc4                DMA2_Channel3_IRQHandler
 *fill*         0x08002dc6        0x2 
 .text.EXTI_Init
                0x08002dc8       0xe4 ..\obj\stm32f10x_exti.o
                0x08002dc8                EXTI_Init
 .text.EXTI_ClearITPendingBit
                0x08002eac       0x1c ..\obj\stm32f10x_exti.o
                0x08002eac                EXTI_ClearITPendingBit
 .text.NVIC_EnableIRQ
                0x08002ec8       0x30 ..\obj\deca_mutex.o
 .text.NVIC_DisableIRQ
                0x08002ef8       0x34 ..\obj\deca_mutex.o
 .text.decamutexon
                0x08002f2c       0x28 ..\obj\deca_mutex.o
                0x08002f2c                decamutexon
 .text.decamutexoff
                0x08002f54       0x1c ..\obj\deca_mutex.o
                0x08002f54                decamutexoff
 .text.deca_sleep
                0x08002f70       0x18 ..\obj\deca_sleep.o
                0x08002f70                deca_sleep
 .text.sleep_ms
                0x08002f88       0x2c ..\obj\deca_sleep.o
                0x08002f88                sleep_ms
 .text._sbrk    0x08002fb4       0x58 ..\obj\syscalls.o
                0x08002fb4                _sbrk
 .text.FLASH_SetLatency
                0x0800300c       0x38 ..\obj\stm32f10x_flash.o
                0x0800300c                FLASH_SetLatency
 .text.FLASH_PrefetchBufferCmd
                0x08003044       0x30 ..\obj\stm32f10x_flash.o
                0x08003044                FLASH_PrefetchBufferCmd
 .text.SysTick_Handler
                0x08003074       0x1c ..\obj\stm32f10x_it.o
                0x08003074                SysTick_Handler
 .text.EXTI9_5_IRQHandler
                0x08003090       0x2c ..\obj\stm32f10x_it.o
                0x08003090                EXTI9_5_IRQHandler
 .text.NVIC_SetPriority
                0x080030bc       0x54 ..\obj\port.o
 .text.SysTick_Config
                0x08003110       0x44 ..\obj\port.o
 .text.portGetTickCnt
                0x08003154       0x14 ..\obj\port.o
                0x08003154                portGetTickCnt
 .text.SysTick_Configuration
                0x08003168       0x38 ..\obj\port.o
                0x08003168                SysTick_Configuration
 .text.NVIC_Configuration
                0x080031a0       0x68 ..\obj\port.o
                0x080031a0                NVIC_Configuration
 .text.EXTI_GetITEnStatus
                0x08003208       0x3c ..\obj\port.o
                0x08003208                EXTI_GetITEnStatus
 .text.RCC_Configuration
                0x08003244       0xd4 ..\obj\port.o
                0x08003244                RCC_Configuration
 .text.SPI_ChangeRate
                0x08003318       0x38 ..\obj\port.o
                0x08003318                SPI_ChangeRate
 .text.spi_set_rate_low
                0x08003350       0x10 ..\obj\port.o
                0x08003350                spi_set_rate_low
 .text.spi_set_rate_high
                0x08003360       0x10 ..\obj\port.o
                0x08003360                spi_set_rate_high
 .text.SPI_Configuration
                0x08003370       0xa8 ..\obj\port.o
                0x08003370                SPI_Configuration
 .text.SPI2_Configuration
                0x08003418       0xe0 ..\obj\port.o
                0x08003418                SPI2_Configuration
 .text.GPIO_Configuration
                0x080034f8       0xc0 ..\obj\port.o
                0x080034f8                GPIO_Configuration
 .text.reset_DW1000
                0x080035b8       0x4c ..\obj\port.o
                0x080035b8                reset_DW1000
 .text.LCD_Configuration
                0x08003604       0x58 ..\obj\port.o
 .text.spi_peripheral_init
                0x0800365c       0x30 ..\obj\port.o
 .text.peripherals_init
                0x0800368c       0x20 ..\obj\port.o
                0x0800368c                peripherals_init
 .text.writetoLCD
                0x080036ac       0xc0 ..\obj\lcd.o
                0x080036ac                writetoLCD
 .text.lcd_display_str
                0x0800376c       0x48 ..\obj\lcd.o
                0x0800376c                lcd_display_str
 .text.NVIC_PriorityGroupConfig
                0x080037b4       0x24 ..\obj\misc.o
                0x080037b4                NVIC_PriorityGroupConfig
 .text.NVIC_Init
                0x080037d8       0xc4 ..\obj\misc.o
                0x080037d8                NVIC_Init
 .text.SPI_I2S_DeInit
                0x0800389c       0x74 ..\obj\stm32f10x_spi.o
                0x0800389c                SPI_I2S_DeInit
 .text.SPI_Init
                0x08003910       0x88 ..\obj\stm32f10x_spi.o
                0x08003910                SPI_Init
 .text.SPI_Cmd  0x08003998       0x40 ..\obj\stm32f10x_spi.o
                0x08003998                SPI_Cmd
 .text.SPI_I2S_SendData
                0x080039d8       0x1c ..\obj\stm32f10x_spi.o
                0x080039d8                SPI_I2S_SendData
 .text.SPI_I2S_ReceiveData
                0x080039f4       0x18 ..\obj\stm32f10x_spi.o
                0x080039f4                SPI_I2S_ReceiveData
 .text.SPI_SSOutputCmd
                0x08003a0c       0x40 ..\obj\stm32f10x_spi.o
                0x08003a0c                SPI_SSOutputCmd
 .text.SPI_I2S_GetFlagStatus
                0x08003a4c       0x38 ..\obj\stm32f10x_spi.o
                0x08003a4c                SPI_I2S_GetFlagStatus
 .text.memcmp   0x08003a84       0x64 c:/program files (x86)/gnu tools arm embedded/5.4 2016q2/bin/../lib/gcc/arm-none-eabi/5.4.1/../../../../arm-none-eabi/lib/armv7-m\libc.a(lib_a-memcmp.o)
                0x08003a84                memcmp
 .text.sprintf  0x08003ae8       0x4c c:/program files (x86)/gnu tools arm embedded/5.4 2016q2/bin/../lib/gcc/arm-none-eabi/5.4.1/../../../../arm-none-eabi/lib/armv7-m\libc.a(lib_a-sprintf.o)
                0x08003ae8                sprintf
 .text.strlen   0x08003b34       0x5c c:/program files (x86)/gnu tools arm embedded/5.4 2016q2/bin/../lib/gcc/arm-none-eabi/5.4.1/../../../../arm-none-eabi/lib/armv7-m\libc.a(lib_a-strlen-stub.o)
                0x08003b34                strlen
 .text._svfprintf_r
                0x08003b90     0x175c c:/program files (x86)/gnu tools arm embedded/5.4 2016q2/bin/../lib/gcc/arm-none-eabi/5.4.1/../../../../arm-none-eabi/lib/armv7-m\libc.a(lib_a-svfprintf.o)
                0x08003b90                _svfprintf_r
 .text.quorem   0x080052ec      0x12c c:/program files (x86)/gnu tools arm embedded/5.4 2016q2/bin/../lib/gcc/arm-none-eabi/5.4.1/../../../../arm-none-eabi/lib/armv7-m\libc.a(lib_a-dtoa.o)
 .text._dtoa_r  0x08005418      0xe4c c:/program files (x86)/gnu tools arm embedded/5.4 2016q2/bin/../lib/gcc/arm-none-eabi/5.4.1/../../../../arm-none-eabi/lib/armv7-m\libc.a(lib_a-dtoa.o)
                0x08005418                _dtoa_r
 .text._localeconv_r
                0x08006264        0x8 c:/program files (x86)/gnu tools arm embedded/5.4 2016q2/bin/../lib/gcc/arm-none-eabi/5.4.1/../../../../arm-none-eabi/lib/armv7-m\libc.a(lib_a-locale.o)
                0x08006264                _localeconv_r
 .text._malloc_r
                0x0800626c      0x558 c:/program files (x86)/gnu tools arm embedded/5.4 2016q2/bin/../lib/gcc/arm-none-eabi/5.4.1/../../../../arm-none-eabi/lib/armv7-m\libc.a(lib_a-mallocr.o)
                0x0800626c                _malloc_r
 .text.memchr   0x080067c4       0x8c c:/program files (x86)/gnu tools arm embedded/5.4 2016q2/bin/../lib/gcc/arm-none-eabi/5.4.1/../../../../arm-none-eabi/lib/armv7-m\libc.a(lib_a-memchr-stub.o)
                0x080067c4                memchr
 .text.__malloc_lock
                0x08006850        0x4 c:/program files (x86)/gnu tools arm embedded/5.4 2016q2/bin/../lib/gcc/arm-none-eabi/5.4.1/../../../../arm-none-eabi/lib/armv7-m\libc.a(lib_a-mlock.o)
                0x08006850                __malloc_lock
 .text.__malloc_unlock
                0x08006854        0x4 c:/program files (x86)/gnu tools arm embedded/5.4 2016q2/bin/../lib/gcc/arm-none-eabi/5.4.1/../../../../arm-none-eabi/lib/armv7-m\libc.a(lib_a-mlock.o)
                0x08006854                __malloc_unlock
 .text._Balloc  0x08006858       0x50 c:/program files (x86)/gnu tools arm embedded/5.4 2016q2/bin/../lib/gcc/arm-none-eabi/5.4.1/../../../../arm-none-eabi/lib/armv7-m\libc.a(lib_a-mprec.o)
                0x08006858                _Balloc
 .text._Bfree   0x080068a8       0x14 c:/program files (x86)/gnu tools arm embedded/5.4 2016q2/bin/../lib/gcc/arm-none-eabi/5.4.1/../../../../arm-none-eabi/lib/armv7-m\libc.a(lib_a-mprec.o)
                0x080068a8                _Bfree
 .text.__multadd
                0x080068bc       0x80 c:/program files (x86)/gnu tools arm embedded/5.4 2016q2/bin/../lib/gcc/arm-none-eabi/5.4.1/../../../../arm-none-eabi/lib/armv7-m\libc.a(lib_a-mprec.o)
                0x080068bc                __multadd
 .text.__hi0bits
                0x0800693c       0x40 c:/program files (x86)/gnu tools arm embedded/5.4 2016q2/bin/../lib/gcc/arm-none-eabi/5.4.1/../../../../arm-none-eabi/lib/armv7-m\libc.a(lib_a-mprec.o)
                0x0800693c                __hi0bits
 .text.__lo0bits
                0x0800697c       0x5c c:/program files (x86)/gnu tools arm embedded/5.4 2016q2/bin/../lib/gcc/arm-none-eabi/5.4.1/../../../../arm-none-eabi/lib/armv7-m\libc.a(lib_a-mprec.o)
                0x0800697c                __lo0bits
 .text.__i2b    0x080069d8       0x14 c:/program files (x86)/gnu tools arm embedded/5.4 2016q2/bin/../lib/gcc/arm-none-eabi/5.4.1/../../../../arm-none-eabi/lib/armv7-m\libc.a(lib_a-mprec.o)
                0x080069d8                __i2b
 .text.__multiply
                0x080069ec      0x13c c:/program files (x86)/gnu tools arm embedded/5.4 2016q2/bin/../lib/gcc/arm-none-eabi/5.4.1/../../../../arm-none-eabi/lib/armv7-m\libc.a(lib_a-mprec.o)
                0x080069ec                __multiply
 .text.__pow5mult
                0x08006b28       0xa0 c:/program files (x86)/gnu tools arm embedded/5.4 2016q2/bin/../lib/gcc/arm-none-eabi/5.4.1/../../../../arm-none-eabi/lib/armv7-m\libc.a(lib_a-mprec.o)
                0x08006b28                __pow5mult
 .text.__lshift
                0x08006bc8       0xac c:/program files (x86)/gnu tools arm embedded/5.4 2016q2/bin/../lib/gcc/arm-none-eabi/5.4.1/../../../../arm-none-eabi/lib/armv7-m\libc.a(lib_a-mprec.o)
                0x08006bc8                __lshift
 .text.__mcmp   0x08006c74       0x40 c:/program files (x86)/gnu tools arm embedded/5.4 2016q2/bin/../lib/gcc/arm-none-eabi/5.4.1/../../../../arm-none-eabi/lib/armv7-m\libc.a(lib_a-mprec.o)
                0x08006c74                __mcmp
 .text.__mdiff  0x08006cb4      0x128 c:/program files (x86)/gnu tools arm embedded/5.4 2016q2/bin/../lib/gcc/arm-none-eabi/5.4.1/../../../../arm-none-eabi/lib/armv7-m\libc.a(lib_a-mprec.o)
                0x08006cb4                __mdiff
 .text.__d2b    0x08006ddc       0xa8 c:/program files (x86)/gnu tools arm embedded/5.4 2016q2/bin/../lib/gcc/arm-none-eabi/5.4.1/../../../../arm-none-eabi/lib/armv7-m\libc.a(lib_a-mprec.o)
                0x08006ddc                __d2b
 .text._sbrk_r  0x08006e84       0x24 c:/program files (x86)/gnu tools arm embedded/5.4 2016q2/bin/../lib/gcc/arm-none-eabi/5.4.1/../../../../arm-none-eabi/lib/armv7-m\libc.a(lib_a-sbrkr.o)
                0x08006e84                _sbrk_r
 .text.__ssprint_r
                0x08006ea8      0x100 c:/program files (x86)/gnu tools arm embedded/5.4 2016q2/bin/../lib/gcc/arm-none-eabi/5.4.1/../../../../arm-none-eabi/lib/armv7-m\libc.a(lib_a-svfiprintf.o)
                0x08006ea8                __ssprint_r
 .text._calloc_r
                0x08006fa8       0x60 c:/program files (x86)/gnu tools arm embedded/5.4 2016q2/bin/../lib/gcc/arm-none-eabi/5.4.1/../../../../arm-none-eabi/lib/armv7-m\libc.a(lib_a-callocr.o)
                0x08006fa8                _calloc_r
 .text._malloc_trim_r
                0x08007008       0x9c c:/program files (x86)/gnu tools arm embedded/5.4 2016q2/bin/../lib/gcc/arm-none-eabi/5.4.1/../../../../arm-none-eabi/lib/armv7-m\libc.a(lib_a-freer.o)
                0x08007008                _malloc_trim_r
 .text._free_r  0x080070a4      0x1d0 c:/program files (x86)/gnu tools arm embedded/5.4 2016q2/bin/../lib/gcc/arm-none-eabi/5.4.1/../../../../arm-none-eabi/lib/armv7-m\libc.a(lib_a-freer.o)
                0x080070a4                _free_r
 .text.memmove  0x08007274       0xc8 c:/program files (x86)/gnu tools arm embedded/5.4 2016q2/bin/../lib/gcc/arm-none-eabi/5.4.1/../../../../arm-none-eabi/lib/armv7-m\libc.a(lib_a-memmove.o)
                0x08007274                memmove
 .text._realloc_r
                0x0800733c      0x3d4 c:/program files (x86)/gnu tools arm embedded/5.4 2016q2/bin/../lib/gcc/arm-none-eabi/5.4.1/../../../../arm-none-eabi/lib/armv7-m\libc.a(lib_a-reallocr.o)
                0x0800733c                _realloc_r
 *(.rodata)
 .rodata        0x08007710       0x2a ..\obj\main.o
 *fill*         0x0800773a        0x2 
 .rodata        0x0800773c        0x9 ..\obj\port.o
 *(.rodata*)
 *fill*         0x08007745        0x3 
 .rodata.str1.4
                0x08007748        0x2 c:/program files (x86)/gnu tools arm embedded/5.4 2016q2/bin/../lib/gcc/arm-none-eabi/5.4.1/../../../../arm-none-eabi/lib/armv7-m\libc.a(lib_a-impure.o)
 *fill*         0x0800774a        0x2 
 .rodata._global_impure_ptr
                0x0800774c        0x4 c:/program files (x86)/gnu tools arm embedded/5.4 2016q2/bin/../lib/gcc/arm-none-eabi/5.4.1/../../../../arm-none-eabi/lib/armv7-m\libc.a(lib_a-impure.o)
                0x0800774c                _global_impure_ptr
 .rodata.chan_idx
                0x08007750        0x8 ..\obj\deca_params_init.o
                0x08007750                chan_idx
 .rodata.tx_config
                0x08007758       0x18 ..\obj\deca_params_init.o
                0x08007758                tx_config
 .rodata.fs_pll_cfg
                0x08007770       0x18 ..\obj\deca_params_init.o
                0x08007770                fs_pll_cfg
 .rodata.fs_pll_tune
                0x08007788        0x6 ..\obj\deca_params_init.o
                0x08007788                fs_pll_tune
 *fill*         0x0800778e        0x2 
 .rodata.rx_config
                0x08007790        0x2 ..\obj\deca_params_init.o
                0x08007790                rx_config
 *fill*         0x08007792        0x2 
 .rodata.agc_config
                0x08007794        0x8 ..\obj\deca_params_init.o
                0x08007794                agc_config
 .rodata.dwnsSFDlen
                0x0800779c        0x3 ..\obj\deca_params_init.o
                0x0800779c                dwnsSFDlen
 *fill*         0x0800779f        0x1 
 .rodata.sftsh  0x080077a0        0xc ..\obj\deca_params_init.o
                0x080077a0                sftsh
 .rodata.dtune1
                0x080077ac        0x4 ..\obj\deca_params_init.o
                0x080077ac                dtune1
 .rodata.digital_bb_config
                0x080077b0       0x20 ..\obj\deca_params_init.o
                0x080077b0                digital_bb_config
 .rodata.lde_replicaCoeff
                0x080077d0       0x32 ..\obj\deca_params_init.o
                0x080077d0                lde_replicaCoeff
 *fill*         0x08007802        0x2 
 .rodata.blanks.7055
                0x08007804       0x10 c:/program files (x86)/gnu tools arm embedded/5.4 2016q2/bin/../lib/gcc/arm-none-eabi/5.4.1/../../../../arm-none-eabi/lib/armv7-m\libc.a(lib_a-svfprintf.o)
 .rodata.str1.4
                0x08007814       0x42 c:/program files (x86)/gnu tools arm embedded/5.4 2016q2/bin/../lib/gcc/arm-none-eabi/5.4.1/../../../../arm-none-eabi/lib/armv7-m\libc.a(lib_a-svfprintf.o)
 *fill*         0x08007856        0x2 
 .rodata.zeroes.7056
                0x08007858       0x10 c:/program files (x86)/gnu tools arm embedded/5.4 2016q2/bin/../lib/gcc/arm-none-eabi/5.4.1/../../../../arm-none-eabi/lib/armv7-m\libc.a(lib_a-svfprintf.o)
 .rodata.str1.4
                0x08007868       0x10 c:/program files (x86)/gnu tools arm embedded/5.4 2016q2/bin/../lib/gcc/arm-none-eabi/5.4.1/../../../../arm-none-eabi/lib/armv7-m\libc.a(lib_a-dtoa.o)
                                 0x12 (size before relaxing)
 .rodata.str1.4
                0x08007878        0xc c:/program files (x86)/gnu tools arm embedded/5.4 2016q2/bin/../lib/gcc/arm-none-eabi/5.4.1/../../../../arm-none-eabi/lib/armv7-m\libc.a(lib_a-locale.o)
                                 0x12 (size before relaxing)
 *fill*         0x08007884        0x4 
 .rodata.__mprec_tens
                0x08007888       0xc8 c:/program files (x86)/gnu tools arm embedded/5.4 2016q2/bin/../lib/gcc/arm-none-eabi/5.4.1/../../../../arm-none-eabi/lib/armv7-m\libc.a(lib_a-mprec.o)
                0x08007888                __mprec_tens
 .rodata.__mprec_bigtens
                0x08007950       0x28 c:/program files (x86)/gnu tools arm embedded/5.4 2016q2/bin/../lib/gcc/arm-none-eabi/5.4.1/../../../../arm-none-eabi/lib/armv7-m\libc.a(lib_a-mprec.o)
                0x08007950                __mprec_bigtens
 .rodata.p05.5396
                0x08007978        0xc c:/program files (x86)/gnu tools arm embedded/5.4 2016q2/bin/../lib/gcc/arm-none-eabi/5.4.1/../../../../arm-none-eabi/lib/armv7-m\libc.a(lib_a-mprec.o)
 *(.glue_7)
 .glue_7        0x08007984        0x0 linker stubs
 *(.glue_7t)
 .glue_7t       0x08007984        0x0 linker stubs
 *(.eh_frame)
 .eh_frame      0x08007984        0x0 c:/program files (x86)/gnu tools arm embedded/5.4 2016q2/bin/../lib/gcc/arm-none-eabi/5.4.1/armv7-m/crtbegin.o
 *(.init)
 .init          0x08007984        0x4 c:/program files (x86)/gnu tools arm embedded/5.4 2016q2/bin/../lib/gcc/arm-none-eabi/5.4.1/armv7-m/crti.o
                0x08007984                _init
 .init          0x08007988        0x8 c:/program files (x86)/gnu tools arm embedded/5.4 2016q2/bin/../lib/gcc/arm-none-eabi/5.4.1/armv7-m/crtn.o
 *(.fini)
 .fini          0x08007990        0x4 c:/program files (x86)/gnu tools arm embedded/5.4 2016q2/bin/../lib/gcc/arm-none-eabi/5.4.1/armv7-m/crti.o
                0x08007990                _fini
 .fini          0x08007994        0x8 c:/program files (x86)/gnu tools arm embedded/5.4 2016q2/bin/../lib/gcc/arm-none-eabi/5.4.1/armv7-m/crtn.o
                0x0800799c                . = ALIGN (0x4)
                0x0800799c                _etext = .

.vfp11_veneer   0x0800799c        0x0
 .vfp11_veneer  0x0800799c        0x0 linker stubs

.v4_bx          0x0800799c        0x0
 .v4_bx         0x0800799c        0x0 linker stubs

.iplt           0x0800799c        0x0
 .iplt          0x0800799c        0x0 c:/program files (x86)/gnu tools arm embedded/5.4 2016q2/bin/../lib/gcc/arm-none-eabi/5.4.1/armv7-m/crtbegin.o

.ARM.extab
 *(.ARM.extab* .gnu.linkonce.armextab.*)

.ARM            0x0800799c        0x8
                0x0800799c                __exidx_start = .
 *(.ARM.exidx*)
 .ARM.exidx     0x0800799c        0x8 c:/program files (x86)/gnu tools arm embedded/5.4 2016q2/bin/../lib/gcc/arm-none-eabi/5.4.1/armv7-m\libgcc.a(_udivmoddi4.o)
                0x080079a4                __exidx_end = .

.rel.dyn        0x080079a4        0x0
 .rel.iplt      0x080079a4        0x0 c:/program files (x86)/gnu tools arm embedded/5.4 2016q2/bin/../lib/gcc/arm-none-eabi/5.4.1/armv7-m/crtbegin.o

.preinit_array  0x080079a4        0x0
                0x080079a4                PROVIDE (__preinit_array_start, .)
 *(.preinit_array*)
                0x080079a4                PROVIDE (__preinit_array_end, .)

.init_array     0x080079a4        0x8
                0x080079a4                PROVIDE (__init_array_start, .)
 *(SORT(.init_array.*))
 .init_array.00000
                0x080079a4        0x4 c:/program files (x86)/gnu tools arm embedded/5.4 2016q2/bin/../lib/gcc/arm-none-eabi/5.4.1/../../../../arm-none-eabi/lib/armv7-m\libc.a(lib_a-__call_atexit.o)
 *(.init_array*)
 .init_array    0x080079a8        0x4 c:/program files (x86)/gnu tools arm embedded/5.4 2016q2/bin/../lib/gcc/arm-none-eabi/5.4.1/armv7-m/crtbegin.o
                0x080079ac                PROVIDE (__init_array_end, .)

.fini_array     0x080079ac        0x4
                0x080079ac                PROVIDE (__fini_array_start, .)
 *(.fini_array*)
 .fini_array    0x080079ac        0x4 c:/program files (x86)/gnu tools arm embedded/5.4 2016q2/bin/../lib/gcc/arm-none-eabi/5.4.1/armv7-m/crtbegin.o
 *(SORT(.fini_array.*))
                0x080079b0                PROVIDE (__fini_array_end, .)
                0x080079b0                _sidata = .

.data           0x20000000      0x8c8 load address 0x080079b0
                0x20000000                . = ALIGN (0x4)
                0x20000000                _sdata = .
 *(.data)
 *(.data*)
 .data.impure_data
                0x20000000      0x428 c:/program files (x86)/gnu tools arm embedded/5.4 2016q2/bin/../lib/gcc/arm-none-eabi/5.4.1/../../../../arm-none-eabi/lib/armv7-m\libc.a(lib_a-impure.o)
 .data._impure_ptr
                0x20000428        0x4 c:/program files (x86)/gnu tools arm embedded/5.4 2016q2/bin/../lib/gcc/arm-none-eabi/5.4.1/../../../../arm-none-eabi/lib/armv7-m\libc.a(lib_a-impure.o)
                0x20000428                _impure_ptr
 .data.SystemCoreClock
                0x2000042c        0x4 ..\obj\system_stm32f10x.o
                0x2000042c                SystemCoreClock
 .data.config   0x20000430        0xc ..\obj\main.o
 .data.tx_poll_msg
                0x2000043c        0xd ..\obj\main.o
 *fill*         0x20000449        0x3 
 .data.rx_resp_msg
                0x2000044c       0x1b ..\obj\main.o
 *fill*         0x20000467        0x1 
 .data.NowTimes
                0x20000468        0x4 ..\obj\main.o
                0x20000468                NowTimes
 .data.APBAHBPrescTable
                0x2000046c       0x10 ..\obj\stm32f10x_rcc.o
 .data.ADCPrescTable
                0x2000047c        0x4 ..\obj\stm32f10x_rcc.o
 .data.lconv    0x20000480       0x38 c:/program files (x86)/gnu tools arm embedded/5.4 2016q2/bin/../lib/gcc/arm-none-eabi/5.4.1/../../../../arm-none-eabi/lib/armv7-m\libc.a(lib_a-locale.o)
 .data.__malloc_av_
                0x200004b8      0x408 c:/program files (x86)/gnu tools arm embedded/5.4 2016q2/bin/../lib/gcc/arm-none-eabi/5.4.1/../../../../arm-none-eabi/lib/armv7-m\libc.a(lib_a-mallocr.o)
                0x200004b8                __malloc_av_
 .data.__malloc_trim_threshold
                0x200008c0        0x4 c:/program files (x86)/gnu tools arm embedded/5.4 2016q2/bin/../lib/gcc/arm-none-eabi/5.4.1/../../../../arm-none-eabi/lib/armv7-m\libc.a(lib_a-mallocr.o)
                0x200008c0                __malloc_trim_threshold
 .data.__malloc_sbrk_base
                0x200008c4        0x4 c:/program files (x86)/gnu tools arm embedded/5.4 2016q2/bin/../lib/gcc/arm-none-eabi/5.4.1/../../../../arm-none-eabi/lib/armv7-m\libc.a(lib_a-mallocr.o)
                0x200008c4                __malloc_sbrk_base
                0x200008c8                . = ALIGN (0x4)
                0x200008c8                _edata = .

.jcr            0x200008c8        0x0 load address 0x08008278
 .jcr           0x200008c8        0x0 c:/program files (x86)/gnu tools arm embedded/5.4 2016q2/bin/../lib/gcc/arm-none-eabi/5.4.1/armv7-m/crtbegin.o

.igot.plt       0x200008c8        0x0 load address 0x08008278
 .igot.plt      0x200008c8        0x0 c:/program files (x86)/gnu tools arm embedded/5.4 2016q2/bin/../lib/gcc/arm-none-eabi/5.4.1/armv7-m/crtbegin.o
                0x200008c8                . = ALIGN (0x4)

.bss            0x200008c8      0x170 load address 0x08008278
                0x200008c8                _sbss = .
                0x200008c8                __bss_start__ = _sbss
 *(.bss)
 .bss           0x200008c8       0x1c c:/program files (x86)/gnu tools arm embedded/5.4 2016q2/bin/../lib/gcc/arm-none-eabi/5.4.1/armv7-m/crtbegin.o
 *(.bss*)
 .bss.dw1000local
                0x200008e4       0x38 ..\obj\deca_device.o
 .bss.frame_seq_nb
                0x2000091c        0x1 ..\obj\main.o
 *fill*         0x2000091d        0x3 
 .bss.rx_buffer
                0x20000920       0x1e ..\obj\main.o
 *fill*         0x2000093e        0x2 
 .bss.status_reg
                0x20000940        0x4 ..\obj\main.o
 *fill*         0x20000944        0x4 
 .bss.tof       0x20000948        0x8 ..\obj\main.o
 .bss.distance  0x20000950        0x8 ..\obj\main.o
 .bss.dist_str  0x20000958       0x10 ..\obj\main.o
                0x20000958                dist_str
 .bss.display   0x20000968       0x14 ..\obj\main.o
                0x20000968                display
 .bss.Anchor01Dis
                0x2000097c       0x28 ..\obj\main.o
                0x2000097c                Anchor01Dis
 .bss.Anchor02Dis
                0x200009a4       0x28 ..\obj\main.o
                0x200009a4                Anchor02Dis
 .bss.Anchor12Dis
                0x200009cc       0x28 ..\obj\main.o
                0x200009cc                Anchor12Dis
 .bss.heap_end.7305
                0x200009f4        0x4 ..\obj\syscalls.o
 .bss.port_deca_isr
                0x200009f8        0x4 ..\obj\port.o
                0x200009f8                port_deca_isr
 .bss.__malloc_max_total_mem
                0x200009fc        0x4 c:/program files (x86)/gnu tools arm embedded/5.4 2016q2/bin/../lib/gcc/arm-none-eabi/5.4.1/../../../../arm-none-eabi/lib/armv7-m\libc.a(lib_a-mallocr.o)
                0x200009fc                __malloc_max_total_mem
 .bss.__malloc_max_sbrked_mem
                0x20000a00        0x4 c:/program files (x86)/gnu tools arm embedded/5.4 2016q2/bin/../lib/gcc/arm-none-eabi/5.4.1/../../../../arm-none-eabi/lib/armv7-m\libc.a(lib_a-mallocr.o)
                0x20000a00                __malloc_max_sbrked_mem
 .bss.__malloc_top_pad
                0x20000a04        0x4 c:/program files (x86)/gnu tools arm embedded/5.4 2016q2/bin/../lib/gcc/arm-none-eabi/5.4.1/../../../../arm-none-eabi/lib/armv7-m\libc.a(lib_a-mallocr.o)
                0x20000a04                __malloc_top_pad
 .bss.__malloc_current_mallinfo
                0x20000a08       0x28 c:/program files (x86)/gnu tools arm embedded/5.4 2016q2/bin/../lib/gcc/arm-none-eabi/5.4.1/../../../../arm-none-eabi/lib/armv7-m\libc.a(lib_a-mallocr.o)
                0x20000a08                __malloc_current_mallinfo
 *(COMMON)
 COMMON         0x20000a30        0x4 ..\obj\stm32f10x_it.o
                0x20000a30                time32_incr
 COMMON         0x20000a34        0x4 c:/program files (x86)/gnu tools arm embedded/5.4 2016q2/bin/../lib/gcc/arm-none-eabi/5.4.1/../../../../arm-none-eabi/lib/armv7-m\libc.a(lib_a-reent.o)
                0x20000a34                errno
                0x20000a38                . = ALIGN (0x4)
                0x20000a38                _ebss = .
                0x20000a38                __bss_end__ = _ebss
                [!provide]                PROVIDE (end, _ebss)
                [!provide]                PROVIDE (_end, _ebss)

._user_heap_stack
                0x20000a38      0x800 load address 0x080083e8
                0x20000a38                . = ALIGN (0x4)
                0x20000a38                _user_heap_start = .
                0x20000e38                . = (. + _Min_Heap_Size)
 *fill*         0x20000a38      0x400 
                0x20000e38                _user_heap_end = .
                0x20001238                . = (. + _Min_Stack_Size)
 *fill*         0x20000e38      0x400 
                0x20001238                . = ALIGN (0x4)
                [!provide]                PROVIDE (heap_start, _user_heap_start)
                [!provide]                PROVIDE (_heap_start, _user_heap_start)
                [!provide]                PROVIDE (heap_end, _user_heap_end)
                [!provide]                PROVIDE (_heap_end, _user_heap_end)

.memory_b1_text
 *(.mb1text)
 *(.mb1text*)
 *(.mb1rodata)
 *(.mb1rodata*)

/DISCARD/
 libc.a(*)
 libm.a(*)
 libgcc.a(*)

.ARM.attributes
                0x00000000       0x29
 *(.ARM.attributes)
 .ARM.attributes
                0x00000000       0x1d c:/program files (x86)/gnu tools arm embedded/5.4 2016q2/bin/../lib/gcc/arm-none-eabi/5.4.1/armv7-m/crti.o
 .ARM.attributes
                0x0000001d       0x2d c:/program files (x86)/gnu tools arm embedded/5.4 2016q2/bin/../lib/gcc/arm-none-eabi/5.4.1/armv7-m/crtbegin.o
 .ARM.attributes
                0x0000004a       0x33 ..\obj\core_cm3.o
 .ARM.attributes
                0x0000007d       0x33 ..\obj\system_stm32f10x.o
 .ARM.attributes
                0x000000b0       0x33 ..\obj\deca_device.o
 .ARM.attributes
                0x000000e3       0x33 ..\obj\deca_spi.o
 .ARM.attributes
                0x00000116       0x33 ..\obj\stm32f10x_gpio.o
 .ARM.attributes
                0x00000149       0x33 ..\obj\main.o
 .ARM.attributes
                0x0000017c       0x33 ..\obj\stm32f10x_rcc.o
 .ARM.attributes
                0x000001af       0x21 ..\obj\startup_stm32f10x_cl.o
 .ARM.attributes
                0x000001d0       0x33 ..\obj\stm32f10x_exti.o
 .ARM.attributes
                0x00000203       0x33 ..\obj\deca_mutex.o
 .ARM.attributes
                0x00000236       0x33 ..\obj\deca_sleep.o
 .ARM.attributes
                0x00000269       0x33 ..\obj\syscalls.o
 .ARM.attributes
                0x0000029c       0x33 ..\obj\stm32f10x_flash.o
 .ARM.attributes
                0x000002cf       0x33 ..\obj\stm32f10x_it.o
 .ARM.attributes
                0x00000302       0x33 ..\obj\port.o
 .ARM.attributes
                0x00000335       0x33 ..\obj\lcd.o
 .ARM.attributes
                0x00000368       0x33 ..\obj\misc.o
 .ARM.attributes
                0x0000039b       0x33 ..\obj\stm32f10x_spi.o
 .ARM.attributes
                0x000003ce       0x33 ..\obj\deca_params_init.o
 .ARM.attributes
                0x00000401       0x1d c:/program files (x86)/gnu tools arm embedded/5.4 2016q2/bin/../lib/gcc/arm-none-eabi/5.4.1/armv7-m\libgcc.a(_arm_addsubdf3.o)
 .ARM.attributes
                0x0000041e       0x1d c:/program files (x86)/gnu tools arm embedded/5.4 2016q2/bin/../lib/gcc/arm-none-eabi/5.4.1/armv7-m\libgcc.a(_arm_muldivdf3.o)
 .ARM.attributes
                0x0000043b       0x1d c:/program files (x86)/gnu tools arm embedded/5.4 2016q2/bin/../lib/gcc/arm-none-eabi/5.4.1/armv7-m\libgcc.a(_arm_fixunsdfsi.o)
 .ARM.attributes
                0x00000458       0x2d c:/program files (x86)/gnu tools arm embedded/5.4 2016q2/bin/../lib/gcc/arm-none-eabi/5.4.1/../../../../arm-none-eabi/lib/armv7-m\libc.a(lib_a-memcmp.o)
 .ARM.attributes
                0x00000485       0x2d c:/program files (x86)/gnu tools arm embedded/5.4 2016q2/bin/../lib/gcc/arm-none-eabi/5.4.1/../../../../arm-none-eabi/lib/armv7-m\libc.a(lib_a-sprintf.o)
 .ARM.attributes
                0x000004b2       0x2d c:/program files (x86)/gnu tools arm embedded/5.4 2016q2/bin/../lib/gcc/arm-none-eabi/5.4.1/../../../../arm-none-eabi/lib/armv7-m\libc.a(lib_a-strlen-stub.o)
 .ARM.attributes
                0x000004df       0x2d c:/program files (x86)/gnu tools arm embedded/5.4 2016q2/bin/../lib/gcc/arm-none-eabi/5.4.1/../../../../arm-none-eabi/lib/armv7-m\libc.a(lib_a-svfprintf.o)
 .ARM.attributes
                0x0000050c       0x2d c:/program files (x86)/gnu tools arm embedded/5.4 2016q2/bin/../lib/gcc/arm-none-eabi/5.4.1/../../../../arm-none-eabi/lib/armv7-m\libc.a(lib_a-dtoa.o)
 .ARM.attributes
                0x00000539       0x2d c:/program files (x86)/gnu tools arm embedded/5.4 2016q2/bin/../lib/gcc/arm-none-eabi/5.4.1/../../../../arm-none-eabi/lib/armv7-m\libc.a(lib_a-locale.o)
 .ARM.attributes
                0x00000566       0x2d c:/program files (x86)/gnu tools arm embedded/5.4 2016q2/bin/../lib/gcc/arm-none-eabi/5.4.1/../../../../arm-none-eabi/lib/armv7-m\libc.a(lib_a-mallocr.o)
 .ARM.attributes
                0x00000593       0x2d c:/program files (x86)/gnu tools arm embedded/5.4 2016q2/bin/../lib/gcc/arm-none-eabi/5.4.1/../../../../arm-none-eabi/lib/armv7-m\libc.a(lib_a-memchr-stub.o)
 .ARM.attributes
                0x000005c0       0x1b c:/program files (x86)/gnu tools arm embedded/5.4 2016q2/bin/../lib/gcc/arm-none-eabi/5.4.1/../../../../arm-none-eabi/lib/armv7-m\libc.a(lib_a-memcpy.o)
 .ARM.attributes
                0x000005db       0x2d c:/program files (x86)/gnu tools arm embedded/5.4 2016q2/bin/../lib/gcc/arm-none-eabi/5.4.1/../../../../arm-none-eabi/lib/armv7-m\libc.a(lib_a-mlock.o)
 .ARM.attributes
                0x00000608       0x2d c:/program files (x86)/gnu tools arm embedded/5.4 2016q2/bin/../lib/gcc/arm-none-eabi/5.4.1/../../../../arm-none-eabi/lib/armv7-m\libc.a(lib_a-mprec.o)
 .ARM.attributes
                0x00000635       0x2d c:/program files (x86)/gnu tools arm embedded/5.4 2016q2/bin/../lib/gcc/arm-none-eabi/5.4.1/../../../../arm-none-eabi/lib/armv7-m\libc.a(lib_a-sbrkr.o)
 .ARM.attributes
                0x00000662       0x2d c:/program files (x86)/gnu tools arm embedded/5.4 2016q2/bin/../lib/gcc/arm-none-eabi/5.4.1/../../../../arm-none-eabi/lib/armv7-m\libc.a(lib_a-svfiprintf.o)
 .ARM.attributes
                0x0000068f       0x2d c:/program files (x86)/gnu tools arm embedded/5.4 2016q2/bin/../lib/gcc/arm-none-eabi/5.4.1/../../../../arm-none-eabi/lib/armv7-m\libc.a(lib_a-callocr.o)
 .ARM.attributes
                0x000006bc       0x2d c:/program files (x86)/gnu tools arm embedded/5.4 2016q2/bin/../lib/gcc/arm-none-eabi/5.4.1/../../../../arm-none-eabi/lib/armv7-m\libc.a(lib_a-freer.o)
 .ARM.attributes
                0x000006e9       0x2d c:/program files (x86)/gnu tools arm embedded/5.4 2016q2/bin/../lib/gcc/arm-none-eabi/5.4.1/../../../../arm-none-eabi/lib/armv7-m\libc.a(lib_a-memmove.o)
 .ARM.attributes
                0x00000716       0x2d c:/program files (x86)/gnu tools arm embedded/5.4 2016q2/bin/../lib/gcc/arm-none-eabi/5.4.1/../../../../arm-none-eabi/lib/armv7-m\libc.a(lib_a-reallocr.o)
 .ARM.attributes
                0x00000743       0x2d c:/program files (x86)/gnu tools arm embedded/5.4 2016q2/bin/../lib/gcc/arm-none-eabi/5.4.1/../../../../arm-none-eabi/lib/armv7-m\libc.a(lib_a-reent.o)
 .ARM.attributes
                0x00000770       0x1d c:/program files (x86)/gnu tools arm embedded/5.4 2016q2/bin/../lib/gcc/arm-none-eabi/5.4.1/armv7-m\libgcc.a(_arm_cmpdf2.o)
 .ARM.attributes
                0x0000078d       0x1d c:/program files (x86)/gnu tools arm embedded/5.4 2016q2/bin/../lib/gcc/arm-none-eabi/5.4.1/armv7-m\libgcc.a(_arm_unorddf2.o)
 .ARM.attributes
                0x000007aa       0x1d c:/program files (x86)/gnu tools arm embedded/5.4 2016q2/bin/../lib/gcc/arm-none-eabi/5.4.1/armv7-m\libgcc.a(_arm_fixdfsi.o)
 .ARM.attributes
                0x000007c7       0x1d c:/program files (x86)/gnu tools arm embedded/5.4 2016q2/bin/../lib/gcc/arm-none-eabi/5.4.1/armv7-m\libgcc.a(_aeabi_uldivmod.o)
 .ARM.attributes
                0x000007e4       0x2d c:/program files (x86)/gnu tools arm embedded/5.4 2016q2/bin/../lib/gcc/arm-none-eabi/5.4.1/armv7-m\libgcc.a(_udivmoddi4.o)
 .ARM.attributes
                0x00000811       0x1d c:/program files (x86)/gnu tools arm embedded/5.4 2016q2/bin/../lib/gcc/arm-none-eabi/5.4.1/armv7-m\libgcc.a(_dvmd_tls.o)
 .ARM.attributes
                0x0000082e       0x1d c:/program files (x86)/gnu tools arm embedded/5.4 2016q2/bin/../lib/gcc/arm-none-eabi/5.4.1/armv7-m/crtn.o
LOAD ..\obj\stm32f10x_rtc.o
LOAD ..\obj\stm32f10x_tim.o
LOAD ..\obj\core_cm3.o
LOAD ..\obj\stm32f10x_dbgmcu.o
LOAD ..\obj\system_stm32f10x.o
LOAD ..\obj\deca_device.o
LOAD ..\obj\deca_spi.o
LOAD ..\obj\stm32f10x_fsmc.o
LOAD ..\obj\stm32f10x_pwr.o
LOAD ..\obj\stm32f10x_can.o
LOAD ..\obj\stm32f10x_gpio.o
LOAD ..\obj\stm32f10x_dac.o
LOAD ..\obj\main.o
LOAD ..\obj\stm32f10x_crc.o
LOAD ..\obj\stm32f10x_rcc.o
LOAD ..\obj\startup_stm32f10x_cl.o
LOAD ..\obj\stm32f10x_exti.o
LOAD ..\obj\stm32f10x_adc.o
LOAD ..\obj\deca_mutex.o
LOAD ..\obj\stm32f10x_usart.o
LOAD ..\obj\deca_sleep.o
LOAD ..\obj\syscalls.o
LOAD ..\obj\stm32f10x_flash.o
LOAD ..\obj\stm32f10x_it.o
LOAD ..\obj\stm32f10x_cec.o
LOAD ..\obj\port.o
LOAD ..\obj\stm32f10x_sdio.o
LOAD ..\obj\stm32f10x_dma.o
LOAD ..\obj\lcd.o
LOAD ..\obj\misc.o
LOAD ..\obj\stm32f10x_wwdg.o
LOAD ..\obj\stm32f10x_spi.o
LOAD ..\obj\stm32f10x_i2c.o
LOAD ..\obj\deca_params_init.o
LOAD ..\obj\stm32f10x_bkp.o
LOAD ..\obj\stm32f10x_iwdg.o
LOAD c:/program files (x86)/gnu tools arm embedded/5.4 2016q2/bin/../lib/gcc/arm-none-eabi/5.4.1/../../../../arm-none-eabi/lib/armv7-m\libm.a
LOAD c:/program files (x86)/gnu tools arm embedded/5.4 2016q2/bin/../lib/gcc/arm-none-eabi/5.4.1/armv7-m\libgcc.a
LOAD c:/program files (x86)/gnu tools arm embedded/5.4 2016q2/bin/../lib/gcc/arm-none-eabi/5.4.1/../../../../arm-none-eabi/lib/armv7-m\libc.a
START GROUP
LOAD c:/program files (x86)/gnu tools arm embedded/5.4 2016q2/bin/../lib/gcc/arm-none-eabi/5.4.1/armv7-m\libgcc.a
LOAD c:/program files (x86)/gnu tools arm embedded/5.4 2016q2/bin/../lib/gcc/arm-none-eabi/5.4.1/../../../../arm-none-eabi/lib/armv7-m\libg.a
LOAD c:/program files (x86)/gnu tools arm embedded/5.4 2016q2/bin/../lib/gcc/arm-none-eabi/5.4.1/../../../../arm-none-eabi/lib/armv7-m\libc.a
END GROUP
LOAD c:/program files (x86)/gnu tools arm embedded/5.4 2016q2/bin/../lib/gcc/arm-none-eabi/5.4.1/armv7-m/crtend.o
LOAD c:/program files (x86)/gnu tools arm embedded/5.4 2016q2/bin/../lib/gcc/arm-none-eabi/5.4.1/armv7-m/crtn.o
OUTPUT(ss_twr_init.elf elf32-littlearm)

.debug_info     0x00000000     0x76c1
 .debug_info    0x00000000      0x527 ..\obj\core_cm3.o
 .debug_info    0x00000527      0x49d ..\obj\system_stm32f10x.o
 .debug_info    0x000009c4     0x17a9 ..\obj\deca_device.o
 .debug_info    0x0000216d      0x397 ..\obj\deca_spi.o
 .debug_info    0x00002504      0x6e0 ..\obj\stm32f10x_gpio.o
 .debug_info    0x00002be4      0x484 ..\obj\main.o
 .debug_info    0x00003068      0xa93 ..\obj\stm32f10x_rcc.o
 .debug_info    0x00003afb       0xda ..\obj\startup_stm32f10x_cl.o
 .debug_info    0x00003bd5      0x33b ..\obj\stm32f10x_exti.o
 .debug_info    0x00003f10      0x439 ..\obj\deca_mutex.o
 .debug_info    0x00004349       0xd6 ..\obj\deca_sleep.o
 .debug_info    0x0000441f      0x5f5 ..\obj\syscalls.o
 .debug_info    0x00004a14      0x7a7 ..\obj\stm32f10x_flash.o
 .debug_info    0x000051bb      0x177 ..\obj\stm32f10x_it.o
 .debug_info    0x00005332      0xf8a ..\obj\port.o
 .debug_info    0x000062bc      0x305 ..\obj\lcd.o
 .debug_info    0x000065c1      0x4f2 ..\obj\misc.o
 .debug_info    0x00006ab3      0x99b ..\obj\stm32f10x_spi.o
 .debug_info    0x0000744e      0x273 ..\obj\deca_params_init.o

.debug_abbrev   0x00000000     0x1969
 .debug_abbrev  0x00000000       0xac ..\obj\core_cm3.o
 .debug_abbrev  0x000000ac      0x179 ..\obj\system_stm32f10x.o
 .debug_abbrev  0x00000225      0x20e ..\obj\deca_device.o
 .debug_abbrev  0x00000433      0x131 ..\obj\deca_spi.o
 .debug_abbrev  0x00000564      0x1cc ..\obj\stm32f10x_gpio.o
 .debug_abbrev  0x00000730      0x19f ..\obj\main.o
 .debug_abbrev  0x000008cf      0x1bc ..\obj\stm32f10x_rcc.o
 .debug_abbrev  0x00000a8b       0x12 ..\obj\startup_stm32f10x_cl.o
 .debug_abbrev  0x00000a9d      0x155 ..\obj\stm32f10x_exti.o
 .debug_abbrev  0x00000bf2      0x14d ..\obj\deca_mutex.o
 .debug_abbrev  0x00000d3f       0x78 ..\obj\deca_sleep.o
 .debug_abbrev  0x00000db7      0x19d ..\obj\syscalls.o
 .debug_abbrev  0x00000f54      0x18f ..\obj\stm32f10x_flash.o
 .debug_abbrev  0x000010e3       0xe7 ..\obj\stm32f10x_it.o
 .debug_abbrev  0x000011ca      0x353 ..\obj\port.o
 .debug_abbrev  0x0000151d       0xfd ..\obj\lcd.o
 .debug_abbrev  0x0000161a      0x156 ..\obj\misc.o
 .debug_abbrev  0x00001770      0x180 ..\obj\stm32f10x_spi.o
 .debug_abbrev  0x000018f0       0x79 ..\obj\deca_params_init.o

.debug_aranges  0x00000000      0xb28
 .debug_aranges
                0x00000000       0xc8 ..\obj\core_cm3.o
 .debug_aranges
                0x000000c8       0x38 ..\obj\system_stm32f10x.o
 .debug_aranges
                0x00000100      0x2d8 ..\obj\deca_device.o
 .debug_aranges
                0x000003d8       0x38 ..\obj\deca_spi.o
 .debug_aranges
                0x00000410       0xa8 ..\obj\stm32f10x_gpio.o
 .debug_aranges
                0x000004b8       0x40 ..\obj\main.o
 .debug_aranges
                0x000004f8      0x160 ..\obj\stm32f10x_rcc.o
 .debug_aranges
                0x00000658       0x28 ..\obj\startup_stm32f10x_cl.o
 .debug_aranges
                0x00000680       0x58 ..\obj\stm32f10x_exti.o
 .debug_aranges
                0x000006d8       0x38 ..\obj\deca_mutex.o
 .debug_aranges
                0x00000710       0x28 ..\obj\deca_sleep.o
 .debug_aranges
                0x00000738       0x68 ..\obj\syscalls.o
 .debug_aranges
                0x000007a0       0xf8 ..\obj\stm32f10x_flash.o
 .debug_aranges
                0x00000898       0x28 ..\obj\stm32f10x_it.o
 .debug_aranges
                0x000008c0      0x118 ..\obj\port.o
 .debug_aranges
                0x000009d8       0x28 ..\obj\lcd.o
 .debug_aranges
                0x00000a00       0x40 ..\obj\misc.o
 .debug_aranges
                0x00000a40       0xd0 ..\obj\stm32f10x_spi.o
 .debug_aranges
                0x00000b10       0x18 ..\obj\deca_params_init.o

.debug_ranges   0x00000000      0x9f8
 .debug_ranges  0x00000000       0xb8 ..\obj\core_cm3.o
 .debug_ranges  0x000000b8       0x28 ..\obj\system_stm32f10x.o
 .debug_ranges  0x000000e0      0x2c8 ..\obj\deca_device.o
 .debug_ranges  0x000003a8       0x28 ..\obj\deca_spi.o
 .debug_ranges  0x000003d0       0x98 ..\obj\stm32f10x_gpio.o
 .debug_ranges  0x00000468       0x30 ..\obj\main.o
 .debug_ranges  0x00000498      0x150 ..\obj\stm32f10x_rcc.o
 .debug_ranges  0x000005e8       0x20 ..\obj\startup_stm32f10x_cl.o
 .debug_ranges  0x00000608       0x48 ..\obj\stm32f10x_exti.o
 .debug_ranges  0x00000650       0x28 ..\obj\deca_mutex.o
 .debug_ranges  0x00000678       0x18 ..\obj\deca_sleep.o
 .debug_ranges  0x00000690       0x58 ..\obj\syscalls.o
 .debug_ranges  0x000006e8       0xe8 ..\obj\stm32f10x_flash.o
 .debug_ranges  0x000007d0       0x18 ..\obj\stm32f10x_it.o
 .debug_ranges  0x000007e8      0x108 ..\obj\port.o
 .debug_ranges  0x000008f0       0x18 ..\obj\lcd.o
 .debug_ranges  0x00000908       0x30 ..\obj\misc.o
 .debug_ranges  0x00000938       0xc0 ..\obj\stm32f10x_spi.o

.debug_line     0x00000000     0x3f07
 .debug_line    0x00000000      0x2dd ..\obj\core_cm3.o
 .debug_line    0x000002dd      0x262 ..\obj\system_stm32f10x.o
 .debug_line    0x0000053f      0x989 ..\obj\deca_device.o
 .debug_line    0x00000ec8      0x2d7 ..\obj\deca_spi.o
 .debug_line    0x0000119f      0x42c ..\obj\stm32f10x_gpio.o
 .debug_line    0x000015cb      0x1c6 ..\obj\main.o
 .debug_line    0x00001791      0x5e3 ..\obj\stm32f10x_rcc.o
 .debug_line    0x00001d74       0xc9 ..\obj\startup_stm32f10x_cl.o
 .debug_line    0x00001e3d      0x302 ..\obj\stm32f10x_exti.o
 .debug_line    0x0000213f      0x250 ..\obj\deca_mutex.o
 .debug_line    0x0000238f       0xc8 ..\obj\deca_sleep.o
 .debug_line    0x00002457      0x365 ..\obj\syscalls.o
 .debug_line    0x000027bc      0x528 ..\obj\stm32f10x_flash.o
 .debug_line    0x00002ce4      0x1fc ..\obj\stm32f10x_it.o
 .debug_line    0x00002ee0      0x623 ..\obj\port.o
 .debug_line    0x00003503      0x247 ..\obj\lcd.o
 .debug_line    0x0000374a      0x29f ..\obj\misc.o
 .debug_line    0x000039e9      0x498 ..\obj\stm32f10x_spi.o
 .debug_line    0x00003e81       0x86 ..\obj\deca_params_init.o

.debug_str      0x00000000     0x3098
 .debug_str     0x00000000      0x286 ..\obj\core_cm3.o
                                0x2ef (size before relaxing)
 .debug_str     0x00000286      0x1da ..\obj\system_stm32f10x.o
                                0x342 (size before relaxing)
 .debug_str     0x00000460      0xb16 ..\obj\deca_device.o
                                0xca4 (size before relaxing)
 .debug_str     0x00000f76      0x159 ..\obj\deca_spi.o
                                0x2db (size before relaxing)
 .debug_str     0x000010cf      0x3a4 ..\obj\stm32f10x_gpio.o
                                0x534 (size before relaxing)
 .debug_str     0x00001473      0x1d8 ..\obj\main.o
                                0x39b (size before relaxing)
 .debug_str     0x0000164b      0x504 ..\obj\stm32f10x_rcc.o
                                0x77d (size before relaxing)
 .debug_str     0x00001b4f      0x1e7 ..\obj\stm32f10x_exti.o
                                0x364 (size before relaxing)
 .debug_str     0x00001d36      0x456 ..\obj\deca_mutex.o
                                0x5e9 (size before relaxing)
 .debug_str     0x0000218c       0x4f ..\obj\deca_sleep.o
                                0x175 (size before relaxing)
 .debug_str     0x000021db      0x1b3 ..\obj\syscalls.o
                                0x423 (size before relaxing)
 .debug_str     0x0000238e      0x41c ..\obj\stm32f10x_flash.o
                                0x603 (size before relaxing)
 .debug_str     0x000027aa       0x82 ..\obj\stm32f10x_it.o
                                0x1e7 (size before relaxing)
 .debug_str     0x0000282c      0x3f4 ..\obj\port.o
                                0xd70 (size before relaxing)
 .debug_str     0x00002c20       0x51 ..\obj\lcd.o
                                0x28d (size before relaxing)
 .debug_str     0x00002c71      0x119 ..\obj\misc.o
                                0x3d3 (size before relaxing)
 .debug_str     0x00002d8a      0x2d3 ..\obj\stm32f10x_spi.o
                                0x665 (size before relaxing)
 .debug_str     0x0000305d       0x3b ..\obj\deca_params_init.o
                                0x259 (size before relaxing)

.comment        0x00000000       0x6e
 .comment       0x00000000       0x6e ..\obj\core_cm3.o
                                 0x6f (size before relaxing)
 .comment       0x0000006e       0x6f ..\obj\system_stm32f10x.o
 .comment       0x0000006e       0x6f ..\obj\deca_device.o
 .comment       0x0000006e       0x6f ..\obj\deca_spi.o
 .comment       0x0000006e       0x6f ..\obj\stm32f10x_gpio.o
 .comment       0x0000006e       0x6f ..\obj\main.o
 .comment       0x0000006e       0x6f ..\obj\stm32f10x_rcc.o
 .comment       0x0000006e       0x6f ..\obj\stm32f10x_exti.o
 .comment       0x0000006e       0x6f ..\obj\deca_mutex.o
 .comment       0x0000006e       0x6f ..\obj\deca_sleep.o
 .comment       0x0000006e       0x6f ..\obj\syscalls.o
 .comment       0x0000006e       0x6f ..\obj\stm32f10x_flash.o
 .comment       0x0000006e       0x6f ..\obj\stm32f10x_it.o
 .comment       0x0000006e       0x6f ..\obj\port.o
 .comment       0x0000006e       0x6f ..\obj\lcd.o
 .comment       0x0000006e       0x6f ..\obj\misc.o
 .comment       0x0000006e       0x6f ..\obj\stm32f10x_spi.o
 .comment       0x0000006e       0x6f ..\obj\deca_params_init.o

.debug_frame    0x00000000     0x3368
 .debug_frame   0x00000000      0x320 ..\obj\core_cm3.o
 .debug_frame   0x00000320       0x98 ..\obj\system_stm32f10x.o
 .debug_frame   0x000003b8      0xbf0 ..\obj\deca_device.o
 .debug_frame   0x00000fa8       0x8c ..\obj\deca_spi.o
 .debug_frame   0x00001034      0x2d0 ..\obj\stm32f10x_gpio.o
 .debug_frame   0x00001304       0xcc ..\obj\main.o
 .debug_frame   0x000013d0      0x65c ..\obj\stm32f10x_rcc.o
 .debug_frame   0x00001a2c      0x148 ..\obj\stm32f10x_exti.o
 .debug_frame   0x00001b74       0xa8 ..\obj\deca_mutex.o
 .debug_frame   0x00001c1c       0x58 ..\obj\deca_sleep.o
 .debug_frame   0x00001c74      0x188 ..\obj\syscalls.o
 .debug_frame   0x00001dfc      0x410 ..\obj\stm32f10x_flash.o
 .debug_frame   0x0000220c       0x4c ..\obj\stm32f10x_it.o
 .debug_frame   0x00002258      0x460 ..\obj\port.o
 .debug_frame   0x000026b8       0x58 ..\obj\lcd.o
 .debug_frame   0x00002710       0xd8 ..\obj\misc.o
 .debug_frame   0x000027e8      0x3a0 ..\obj\stm32f10x_spi.o
 .debug_frame   0x00002b88       0x38 c:/program files (x86)/gnu tools arm embedded/5.4 2016q2/bin/../lib/gcc/arm-none-eabi/5.4.1/../../../../arm-none-eabi/lib/armv7-m\libc.a(lib_a-memcmp.o)
 .debug_frame   0x00002bc0       0x84 c:/program files (x86)/gnu tools arm embedded/5.4 2016q2/bin/../lib/gcc/arm-none-eabi/5.4.1/../../../../arm-none-eabi/lib/armv7-m\libc.a(lib_a-sprintf.o)
 .debug_frame   0x00002c44       0x20 c:/program files (x86)/gnu tools arm embedded/5.4 2016q2/bin/../lib/gcc/arm-none-eabi/5.4.1/../../../../arm-none-eabi/lib/armv7-m\libc.a(lib_a-strlen-stub.o)
 .debug_frame   0x00002c64       0x44 c:/program files (x86)/gnu tools arm embedded/5.4 2016q2/bin/../lib/gcc/arm-none-eabi/5.4.1/../../../../arm-none-eabi/lib/armv7-m\libc.a(lib_a-svfprintf.o)
 .debug_frame   0x00002ca8       0x84 c:/program files (x86)/gnu tools arm embedded/5.4 2016q2/bin/../lib/gcc/arm-none-eabi/5.4.1/../../../../arm-none-eabi/lib/armv7-m\libc.a(lib_a-dtoa.o)
 .debug_frame   0x00002d2c       0x9c c:/program files (x86)/gnu tools arm embedded/5.4 2016q2/bin/../lib/gcc/arm-none-eabi/5.4.1/../../../../arm-none-eabi/lib/armv7-m\libc.a(lib_a-locale.o)
 .debug_frame   0x00002dc8       0x54 c:/program files (x86)/gnu tools arm embedded/5.4 2016q2/bin/../lib/gcc/arm-none-eabi/5.4.1/../../../../arm-none-eabi/lib/armv7-m\libc.a(lib_a-mallocr.o)
 .debug_frame   0x00002e1c       0x34 c:/program files (x86)/gnu tools arm embedded/5.4 2016q2/bin/../lib/gcc/arm-none-eabi/5.4.1/../../../../arm-none-eabi/lib/armv7-m\libc.a(lib_a-memchr-stub.o)
 .debug_frame   0x00002e50       0x30 c:/program files (x86)/gnu tools arm embedded/5.4 2016q2/bin/../lib/gcc/arm-none-eabi/5.4.1/../../../../arm-none-eabi/lib/armv7-m\libc.a(lib_a-mlock.o)
 .debug_frame   0x00002e80      0x264 c:/program files (x86)/gnu tools arm embedded/5.4 2016q2/bin/../lib/gcc/arm-none-eabi/5.4.1/../../../../arm-none-eabi/lib/armv7-m\libc.a(lib_a-mprec.o)
 .debug_frame   0x000030e4       0x2c c:/program files (x86)/gnu tools arm embedded/5.4 2016q2/bin/../lib/gcc/arm-none-eabi/5.4.1/../../../../arm-none-eabi/lib/armv7-m\libc.a(lib_a-sbrkr.o)
 .debug_frame   0x00003110       0x78 c:/program files (x86)/gnu tools arm embedded/5.4 2016q2/bin/../lib/gcc/arm-none-eabi/5.4.1/../../../../arm-none-eabi/lib/armv7-m\libc.a(lib_a-svfiprintf.o)
 .debug_frame   0x00003188       0x28 c:/program files (x86)/gnu tools arm embedded/5.4 2016q2/bin/../lib/gcc/arm-none-eabi/5.4.1/../../../../arm-none-eabi/lib/armv7-m\libc.a(lib_a-callocr.o)
 .debug_frame   0x000031b0       0x74 c:/program files (x86)/gnu tools arm embedded/5.4 2016q2/bin/../lib/gcc/arm-none-eabi/5.4.1/../../../../arm-none-eabi/lib/armv7-m\libc.a(lib_a-freer.o)
 .debug_frame   0x00003224       0x30 c:/program files (x86)/gnu tools arm embedded/5.4 2016q2/bin/../lib/gcc/arm-none-eabi/5.4.1/../../../../arm-none-eabi/lib/armv7-m\libc.a(lib_a-memmove.o)
 .debug_frame   0x00003254       0x58 c:/program files (x86)/gnu tools arm embedded/5.4 2016q2/bin/../lib/gcc/arm-none-eabi/5.4.1/../../../../arm-none-eabi/lib/armv7-m\libc.a(lib_a-reallocr.o)
 .debug_frame   0x000032ac       0x58 c:/program files (x86)/gnu tools arm embedded/5.4 2016q2/bin/../lib/gcc/arm-none-eabi/5.4.1/../../../../arm-none-eabi/lib/armv7-m\libc.a(lib_a-reent.o)
 .debug_frame   0x00003304       0x2c c:/program files (x86)/gnu tools arm embedded/5.4 2016q2/bin/../lib/gcc/arm-none-eabi/5.4.1/armv7-m\libgcc.a(_aeabi_uldivmod.o)
 .debug_frame   0x00003330       0x38 c:/program files (x86)/gnu tools arm embedded/5.4 2016q2/bin/../lib/gcc/arm-none-eabi/5.4.1/armv7-m\libgcc.a(_udivmoddi4.o)
